// Jest Snapshot v1, https://goo.gl/fbAQLP

exports[`(Component) Search renders correctly 1`] = `
<div
  style={
    Object {
      "textAlign": "center",
    }
  }
>
  <div
    aria-describedby={undefined}
    className="MuiFormControl-root-4 Search-textField-2"
    onBlur={[Function]}
    onFocus={[Function]}
  >
    <label
      className="MuiFormLabel-root-13 MuiInputLabel-root-8 MuiInputLabel-formControl-9 MuiInputLabel-animated-12"
      data-shrink={false}
      htmlFor={undefined}
    >
      Search for an app by name
    </label>
    <div
      className="MuiInput-root-18 MuiInput-formControl-19 MuiInput-underline-22"
    >
      <input
        aria-invalid={false}
        aria-required={false}
        autoComplete="off"
        autoFocus={undefined}
        className="MuiInput-input-26"
        defaultValue={undefined}
        disabled={false}
        id={undefined}
        name="term"
        onBlur={[Function]}
        onChange={[Function]}
        onFocus={[Function]}
        onKeyDown={undefined}
        onKeyUp={undefined}
        placeholder={undefined}
        readOnly={undefined}
        required={undefined}
        rows={undefined}
        type="text"
        value={undefined}
      />
    </div>
  </div>
</div>
`;
