// Jest Snapshot v1, https://goo.gl/fbAQLP

exports[`(Component) RatingFacet should render correctly 1`] = `
Array [
  <span
    onMouseEnter={[Function]}
    onMouseLeave={[Function]}
    style={
        Object {
            "direction": "ltr",
            "display": "inline-block",
          }
    }
>
    <span
        onClick={[Function]}
        onMouseMove={[Function]}
        onTouchEnd={[Function]}
        onTouchMove={[Function]}
        style={
            Object {
                "cursor": "pointer",
                "display": "inline-block",
                "position": "relative",
              }
        }
    >
        <span
            aria-hidden="true"
            className="material-icons MuiIcon-root-1 MuiIcon-colorDisabled-5"
        >
            star
        </span>
        <span
            style={
                Object {
                    "display": "inline-block",
                    "left": 0,
                    "overflow": "hidden",
                    "position": "absolute",
                    "top": 0,
                    "width": "100%",
                  }
            }
        >
            <span
                aria-hidden="true"
                className="material-icons MuiIcon-root-1 MuiIcon-colorPrimary-2"
            >
                star
            </span>
        </span>
    </span>
    <span
        onClick={[Function]}
        onMouseMove={[Function]}
        onTouchEnd={[Function]}
        onTouchMove={[Function]}
        style={
            Object {
                "cursor": "pointer",
                "display": "inline-block",
                "position": "relative",
              }
        }
    >
        <span
            aria-hidden="true"
            className="material-icons MuiIcon-root-1 MuiIcon-colorDisabled-5"
        >
            star
        </span>
        <span
            style={
                Object {
                    "display": "inline-block",
                    "left": 0,
                    "overflow": "hidden",
                    "position": "absolute",
                    "top": 0,
                    "width": "100%",
                  }
            }
        >
            <span
                aria-hidden="true"
                className="material-icons MuiIcon-root-1 MuiIcon-colorPrimary-2"
            >
                star
            </span>
        </span>
    </span>
    <span
        onClick={[Function]}
        onMouseMove={[Function]}
        onTouchEnd={[Function]}
        onTouchMove={[Function]}
        style={
            Object {
                "cursor": "pointer",
                "display": "inline-block",
                "position": "relative",
              }
        }
    >
        <span
            aria-hidden="true"
            className="material-icons MuiIcon-root-1 MuiIcon-colorDisabled-5"
        >
            star
        </span>
        <span
            style={
                Object {
                    "display": "inline-block",
                    "left": 0,
                    "overflow": "hidden",
                    "position": "absolute",
                    "top": 0,
                    "width": "100%",
                  }
            }
        >
            <span
                aria-hidden="true"
                className="material-icons MuiIcon-root-1 MuiIcon-colorPrimary-2"
            >
                star
            </span>
        </span>
    </span>
    <span
        onClick={[Function]}
        onMouseMove={[Function]}
        onTouchEnd={[Function]}
        onTouchMove={[Function]}
        style={
            Object {
                "cursor": "pointer",
                "display": "inline-block",
                "position": "relative",
              }
        }
    >
        <span
            aria-hidden="true"
            className="material-icons MuiIcon-root-1 MuiIcon-colorDisabled-5"
        >
            star
        </span>
        <span
            style={
                Object {
                    "display": "inline-block",
                    "left": 0,
                    "overflow": "hidden",
                    "position": "absolute",
                    "top": 0,
                    "width": "100%",
                  }
            }
        >
            <span
                aria-hidden="true"
                className="material-icons MuiIcon-root-1 MuiIcon-colorPrimary-2"
            >
                star
            </span>
        </span>
    </span>
    <span
        onClick={[Function]}
        onMouseMove={[Function]}
        onTouchEnd={[Function]}
        onTouchMove={[Function]}
        style={
            Object {
                "cursor": "pointer",
                "display": "inline-block",
                "position": "relative",
              }
        }
    >
        <span
            aria-hidden="true"
            className="material-icons MuiIcon-root-1 MuiIcon-colorDisabled-5"
        >
            star
        </span>
        <span
            style={
                Object {
                    "display": "inline-block",
                    "left": 0,
                    "overflow": "hidden",
                    "position": "absolute",
                    "top": 0,
                    "width": "0%",
                  }
            }
        >
            <span
                aria-hidden="true"
                className="material-icons MuiIcon-root-1 MuiIcon-colorPrimary-2"
            >
                star
            </span>
        </span>
    </span>
</span>,
  <span
    className="MuiTypography-root-7 MuiTypography-caption-17"
>
    (
     results)
</span>,
]
`;
