// Jest Snapshot v1, https://goo.gl/fbAQLP

exports[`(Component) SelectFacet should render correctly 1`] = `
<div
  className="MuiFormControl-root-1"
  onBlur={[Function]}
  onFocus={[Function]}
  style={
    Object {
      "minWidth": "100%",
    }
  }
>
  <div
    className="MuiInput-root-10 MuiInput-formControl-11 MuiInput-underline-14"
  >
    <div
      className="MuiSelect-root-5"
    >
      <div
        aria-haspopup="true"
        aria-owns={null}
        aria-pressed="false"
        className="MuiSelect-select-6 MuiSelect-selectMenu-7 MuiInput-input-18"
        onBlur={[Function]}
        onClick={[Function]}
        onFocus={[Function]}
        onKeyDown={[Function]}
        role="button"
        tabIndex={0}
      >
        Choose a 
        category
      </div>
      <input
        aria-invalid={false}
        aria-required={false}
        autoComplete={undefined}
        autoFocus={undefined}
        defaultValue={undefined}
        id="facet-category"
        name="category"
        onKeyDown={undefined}
        onKeyUp={undefined}
        placeholder={undefined}
        readOnly={undefined}
        required={undefined}
        rows={undefined}
        type="hidden"
        value=""
      />
      <svg
        aria-hidden="true"
        className="MuiSvgIcon-root-23 MuiSelect-icon-9"
        color={undefined}
        focusable="false"
        viewBox="0 0 24 24"
      >
        <path
          d="M7 10l5 5 5-5z"
        />
      </svg>
    </div>
  </div>
</div>
`;
